$              $,













,44<<D""""""""""""""DL#+L]U_^T\]_÷H÷H÷H^÷H_÷HŒŒŒŒŒŒŒŒŒŒŒŒmnoŒIJK                















""""""""""""""""#+U_^TŒŒŒŒŒŒŒŒŒŒŒŒŒŒŒŒ                









ââââ""""""ê""""ê\^T\]^_ŒŒŒŒŒŒŒŒŒŒŒŒŒŒŒŒ            %








-%â5-2â=5:;""""ê"""""E=BCMERSMRS\Z[^T\bc^Twk^TŒŒŒŒŒŒŒŒŒŒŒŒŒŒŒŒ$            $,











1,4894<š›š›@A<D"¢£"""""¢£""PADLª«ª«PQL²³²³XY`ahpijŒŒŒŒŒŒŒmqroŒŒŒŒŒIJJK%-%5- %$    %=5
-   ,



-   E=5


45


ME=<š›=M"ED"¢£"EM"""Lª«M"""²³ŒŒŒŒŒŒŒŒŒŒŒŒŒŒŒŒ$     %$    ,




-$  ,



45 ,

4<=
4<š›D"""""E<D"¢£"LMD""Lª«"L²³ŒŒŒŒŒŒŒŒŒŒŒŒŒŒŒŒ$      %%$ ,





-%-  ,
45-25

4<š›=5:;=<D""¢£""E=BCED"Lª«MEBSM""L²³MRSZ[bcksŒŒŒŒŒŒŒŒŒŒŒŒŒŒŒŒ