>=>F"F"E=>F"N*&N*M""E˜™šFN*V2.V2U**M ¡¢NV2^:6^:]22U¨ªV^:fve::]°±²^fe¸ºf&#?QhSYYjYYSYhjY.+oRpkaabaakapba634PPvPPmGmqYHHH`aPPPPPPE=>F""EME=>F"N**M%UM"EFN*V22U-]U*M"""NV2^::]5e]2U***V^:fue:]222^fe:::f !%()-YSYYjYhr@YYS15akaabapbHaakuPPPPPPYD@YYiYYDnaHHaa`aaHJPPPPPPPPnnXYhjYJJ`apbaPPPPmCYhiYYrHJap`aabPPPPWXYYBqY_`aaJ`aPP	
g	o	


YDXYYrgmal`aaboHPPPPCYhjYYiYYBnJapbaa`aaJJPPPPPPYZiYYBmXrab`aaJH`bPgPo	g	o	



