	
	
0101010101010101#$#$#$#$#$#$#$#$#$#$#$#$#$#$#$#$	
0101010101010101#$#$#$#$#$#$#$#$#$#$#$#$#$#$#$#$XPQPXZYRZXX[RXPX0101010101010101#$#$#$#$#$#$#$#$#$#$#$#$#$#$#$#$0101010101010101#$#$#$#$#$#$#$#$#$#$#$#$#$#$#$#$