$   %$  ,


-%$,

45- %$,4<=5
-% ,4<D"""E=5- 
4<D""LME=5
<DLš›M"E=DLº»ME"Lš›M"ŒŒŒŒŒŒŒŒŒŒŒŒŒŒŒŒ$   %$,


-%    ,45-     



4<=5




<D"""E=DLME""""LM"""""ŒŒŒŒŒŒŒŒŒŒŒŒŒŒŒŒ$     %$  ,




-%$,

45- %,4<=5
-%4<D"""""E=5- <D""LME=5
DLM"E=LMEM"]UT\]U_^T\U_^TwŒŒŒŒŒŒŒŒŒŒŒŒŒŒŒŒ$   %$,


-%    ,45-     



4<=5




<D"""E=DLME""""LM"""""ŒŒŒŒŒŒŒŒŒŒŒŒŒŒŒŒ