

"
#"
#
""
&$%&$#
"ױױױױױױױ
"&$ÝÝÝÝÝÝÝ
וווווווווווםםםםםםםםםם&$%&ץץץץץץץץץץץץץץץץץץץץץץץץץץץץץץץץûûûûûûûûûûûûûûûû###								$%&			$ץץץץץץץץץץץץץץץץץץץץץץץץץץץץץץץץûûûûûûûûûûûûûûûû
"
#"ֵֶ#""&				Êֹ		##"'ױױױױױױױױױy!#"/ÝÝÝÝÝÝÝÝÝÝÝ#ווווווווווווווםםםםםםםםםםםםםםץץץץץץץץץץץץץץץץץץץץץץץץץץץץץץץץûרץץתûûûûûûûûûûû

"

#"#
""&$$%&&		$#
"'׳ײ׳ײ׳ײ׳ײ׳ײ׳
"/ßÞßÞßÞßßÞß
חזחזחזחזחזחזחזןמןמןמןמןמןמןמ&צקצקצקצקצקצקצקצקקצקצקצקצקצקצקצקצûûûרצקתûûûûûûûûû
"
#"ֵֶֹֵֶ#"׀ׁ						$##ײ׳ײ׳ײ׳ײ׳ײy!'#ÞßÞßÞßÞßÞßÞ/#חזחזחזחזחזחזחז$ןמןמןמןמןמןמןמצקצקצקצקצקצקצקצקקצקצקצקצקצקצקצקצûûûûûûûûûûûûûûûû
"
#"ֵֶ#""&				Êֹ	$##"ױױױױױױױױױױ!'#"ÝÝÝÝÝÝÝÝÝÝÝ/#ווווiiiiווווווםםםםiiii\םםםםםץץץץץQQQQlץץץץץץץץץץץץץץץץץץץץץץûרץץתûûûûûûûûûûû