0112Q01120:cc_Qbcc_bJ						
R:89pNNNNJ@Ax]Ol]:RPÄVW]UJPà]MU]R:Pq!$!!!krl]m]BPy#,)XHYz !!!:Jy+j)`Paz(#XHBRÅÇstPiz(^`PJQ{|áe?hPR2:012:012_JbcdB:bc_RBJ02NNN					
b:]]]89B]m]@ABlU]Puuu]]MPmm]!46P !!4&E5lUmY#>P(XHD.#7 !!a+*Q(`PaG^=ew[inoehPiåçéQ:;B'/CJQ'KRQ';Q'/;C3'/KK;;;u:Q'///MB']J;Q'"RRQ':\QBQB0112Bbc:dJJRR:						
Q89pNNNNNNN@Ax]lm]M]]ÄMUU]mm]à]]]]lUmQ !!!!!!rUmMU]]]uuuXHY#z !$!!45]M]`Pa+z(#ZHY<=]mmhPinz(+`Pa)* 46eèPiÉé(<>áá:ÑéQJ02:0120120202dJ012cd01bcdbdb_Lbc_bcNNNNNNNNNN]lO]M]]]lmMVW]mm]MUU:P]]]]lUm]]]JPUmMU]]]UmMRPU]mm]]]]]]P !!!!!!!!":P(%%%%)XHY*J(----)`Pa*Re----nhPioQ:Q:QB002012B012Jb2d012cdJbc012:R_bc_RbbRJ:02;:B:b_RBJJBRQRQJQQ01:Q:bcJBR;J:RRJQQ:R0112:QB02bcc012:J:J2_bcdBd012BR012JbcdJbcd:QRRJ