>˜™F ¡&N¨.V°±>=6^¸F"E=v&N*ME=>.V2UM""EF#$6^:]U**M""N+,ve]22U**V34e::]22^;e::f&#$.+,š=¢"E=ª*ME²2UM%º:]U-e]5e= !E=()M""E=01U**M"E=9]22U*M"Ee::]2U*M%e:]2U-e:]5634;GOH´·JP¼¿PXYYZG`aabHPXY	
`a			
u !%()-GO015H´·JuP¼¿POXYYZJ`aab	PYZ	

ab			