$
5'$312='$;:E'$%@AB			&'ײ׳ײ׳ײ׳ײ׳ײ׳./ÞßÞßÞßÞßÞßÞß"זחזחזחזחזחזחזחמןמןןמןמןמןמןצקצקצקצקצקצקצקקצקצקצקצקצקצקצûûûûûûûûûûûûûû$
5555$
====$
E‡hEEE$%		¸»					¸»	׳ײ׳ײ׳ײ׳ײ׳ײ׳ײ׳ײ׳ײßÞßÞßÞßÞßÞßÞßÞßÞחזחזחזחזחזחזחזחזןמןמןמןמןמןמןמןמקצקצקצקצקצQצקצקצצקצקצקצקצקצקצקצקûûûûûûûûûûûûûûûû5555'==012=='EE8:EE'					@9B		†	&'׳ײ׳ײ׳ײ׳ײ׳ײ׳ײ./ßÞßÞßÞßÞßÞßÞßÞßÞחזחזחזחזחזחזחזחזןמןמןמןמןמןןמןמקצQQקצקצקQק¥קצקצצקצקצקצקצקצקצקצקûûûûûûûûûûûûûûûû$
5'$
012='$
8:E'$%	@9B		&'ײ׳ײ׳ײ׳ײ׳ײ׳./ÞßÞßÞßÞßÞßÞßÞßזחזחזחזחזחזחזחמןמןןמןמןמןמןצקצקצקצקצקצקצקקצקצקצקצקצקצקצûûûûûûûûûûûûûû$
55$
012==$
8:EE$%	@9B	†						ױױױױױױױױױױױױױױױױÝÝÝÝÝÝÝÝÝÝÝÝÝÝÝÝווווווווווווווווםםםםםםםםםםםםםםםםץץץץץץץץץץץץץץץץץץץץץץץץץץץץץץץץûûûûûûûûûûûûûûûû5555====EEEE																ױױױױױױױױױױױױױױױױÝÝÝÝÝÝÝÝÝÝÝÝÝÝÝÝווווווווווווווווםםםםםםםםםםםםםםםםץץץץץץץץץץץץץץץץץץץץץץץץץץץץץץץץûûûûûûûûרץץתûûûû5555==012==EE8:EE†				@9B				…†		ױױױױױױױױױױױױױױױױÝÝÝÝÝÝÝÝÝÝÝÝÝÝÝÝווווווווווווווווםםםםםםםםםםםםםםםםץQץץQץץץץץץץץץץץץץץץץץץץץץץץץץץץûרץץתûûûûûûûûûûû555'==012='EE8:E'Ê						@9B			&'ׂױױױױױױױױױױױױױױױױÝÝÝÝÝÝÝÝÝÝÝÝÝÝÝÝווווווווווווווווםםםםםםםםםםםםםםםםץץץץץץץץץץץQץץץץץץץץץץץץץץץץץץץץûûûûûûûûûûûûûûûû