__7ê$g®©g?ò,)∞±)Gí41∏π1Oö¿¡//'µµµ/'=;;;/'=<<</'=<<<7êë7/'=jH<$?òô?®©"/'()P,GíìG∞±*/f01X4OöõO∏π2/eJë7__ô?g®©g#ìG)∞±)+õO1∏π13¿¡'µµµb';;;>b'<<<>b'<<<>b'jH<>b'7êë7P)*b' ®©?òô?#X12a'(∞±GíìG+Jf0∏πOöõO3¿¡^R/////cd/'				
b/'b/'b'						√^R¿¡e''''cd''				
/''/'/'b'						√