)(`ØØØØØØa
`ØbÙàÙÙàÙc
bÙdÚÚÚÚÚÚe
dÚfÛÛÛåæÛg
fÛp ãããã!q
p8p"#q
p>p$%q
php&µµ'q
p¶p04î1q
p p67q
p"p6ž7q
p$p67qp&p67YØØØØØØXp67[àÙÙàÙÙZp67]ÚÚÚÚÚÚ\)ØØØØØØØØØØØØaÙÙàÙÙÙÙàÙÙàÙcÚÚÚÚÚÚÚÚÚÚÚÚeåæÛÛÛåæåæÛÛÛg<<<<<<<<<<<9q)Ÿ?YØaKJLKKKKKJ?[àc¶˜M˜¶¶¶··?]ÚeÜ™¡¡™Üâ¶··i_ÛgÝ™¢¢™Ý#¶Ÿo<9qÞ™¢¢™Þ%¶KJn=;qß™¢¢™ç'¶··?“š¢¢š1¶··?q	+ï¢¢7¶··?q67¶··?qp67_åæÛåæÛ^p67ÜÜÜâÜÜâÜp67ÝÝÝÝÝÝÝÝp6P7ÞáÞÞááÞÞp6ìßßçßçßßçp6žê········44p6·TSSSSSSW·p6è55········p67p67¶¶¶¶¶¶¶¶¶p67¶Ÿp6ž7¶pï7¶========p2553‘´´pq							’“6ž7¶··?YØa67¶··?[àc67¶··?]Úe6ž7¶··i_Ûg67¶Ÿo<9që7¶KJn=;qž7¶··?“555553¶··?q	+¶··?q¶¶¶¶¶¶¶¶··?qŸ?qŸ?q===========;q“													+