------B>6B6
<=N
DFTVMB^_C%%TUfgA#9%G?:BHBA9%%%:PA##9%%%W%A#9%%%----5
55
5H5P;	%:2%%1	&>66<D------B-(5B(5
(5=N
(5FTVMBHQ5C%%TUP;
	A#9%G?%%:2A9%%%%%1	&A@    "A@    "JK	RS!$+>(*36B06
(8'--,B-45/
(	7(B>B<=O
<=N
)DFTVMBC%%TUA#9%G?%A9%%%A@  I(HQ5P;
	%:2%%1	&  ">666[WZBc%bc%%Zh%%bOFTVMBHQ
C%%TUP;A#9%G?%%:2A9%%%%%1	A@    "		&B6>66	6	6	XY	`ahLi
		\]de	&mR