$  ò»…ô   %$,

†“”°


-  1,4®⁄€©5

894<∞‚„±=@A<D""∏ÍÎπ"""EPADL¿¡M""PQLXY`ahpåååååååååååååååå$  %$   %$,

-   ,


-   ,45


4àâ5


4<=<êë=àâ<D""ED"""EêëDLM"""LM"""Låååååååååååååååå %$         
-%$,



/

5-  ,4àâàâ=5

4<êë‚êë"E=<D""""ß""MEDLM""Låååååååååååååååå %$  %
-%$ ,

-%5- %$,
45-2=5
- ,4<=5:;"E=5
4<D""E=BCME=<D"LMEBSM"EDLMRSM"LZ[bcksåååååååååååååååå$            $,



/




1,4894<‚@A<D""""ß"""""PADLPQLwXY]U`aw]U_hU__åååååååååååååååå$  %   ,

-        %


45







-àâ<=5êëD""E="""LM""""""""E¿M]\TU_^åååååååååååååååå$               ,






/




4àâ<êë‚D"""""""¥"""""L¿T\w]^TU_åååååååååååååååå$  %,

- %$   %45
-   ,


-2<=5


45:;D""E=<=BCLM"ED"""EBSM"""LMRSZ[UT\bc^T\k^^Tåååååååååååååååå$            $,



/




1,4894<öõ‚öõ@A<D"¢£"¥"¢£""PADL™´™´PQL≤≥≤≥XY`ahpåååååååååååååååå%-%5- %$   %=5
-   ,


-    E=5


45



ME=àâ<=M"EêëD"""EM"""LM""""wåååååååååååååååå$     %$    ,




-$  ,



4àâ5 ,

4<êë=
4<D"""""E<D""""LMD""L"Lwwåååååååååååååååå$      %%$ ,

/
-%-  ,
45-25

4<‚=5:;=<D""Í"E=BCED"LMEBSM""LMRSZ[wbcksåååååååååååååååå