>=>F"F"E=>F"N*&N*M"""EFN*V2.V2U***M""NV2^:6^:]222U**V^:fve:::]22^fe::fxyzÄÅ&#$x.+,Ä634vxyzÄÅxyzE=>F"EME=>F"N*M%UM"EòôöFN*V2U-]U*M†°¢NV2^:]5e]2U®™V^:fue:]∞±≤^f !%e∏∫f()-015xyzuyzÄÅÅ !%()-015uxyzÄÅÄÅxyzÄÅxÄxyzÄÅxyzÄÅ	
		


xyzÄÅxyzyzÄÅÅxyzÄÅ		

		