$            $,
/



/
1,4ˆ‰894<â‘â@A<D"´""""§"PADLPQLXYw`awhwpŒŒŒŒŒŒŒŒŒŒŒŒŒŒŒŒ   %


-2ˆ‰5:%$  ‘=B-       ,

"""EB
/



4MR<ZâD""b"§""""LŒŒŒŒŒŒŒŒŒŒŒŒŒŒŒŒ$$            ,  ,



/




4

4ˆ‰ˆ‰<<‘â‘DD""""§"""""L""LwwŒŒŒŒŒŒŒŒŒŒŒŒŒŒŒŒ            %





/


-%ˆ‰5-2‘â=5:;""š›""§"""E=BCw¢£wMEBSwª«MRS²³Z[bcksŒŒŒŒŒŒŒŒŒŒŒŒŒŒŒŒ$            $,







/
1,4894<â@A<D""""""""´"PADLPQLXY`ahŒŒŒŒŒŒŒŒŒŒŒŒŒŒŒŒ  %

-25:%=B-         %""EB

/

/-2MR5:Zââ=Bb""´""§EBMRZbŒŒŒŒŒŒŒŒŒŒŒŒŒŒŒŒ$    %$,



-   2$,45


:%1,4<=B- 894<D""""EB

@A<DLM"""RPADLZPQLb""XY`ahŒŒŒŒŒŒŒŒŒŒŒŒŒŒŒŒ$        %$ ,

/


-%$,
45-2,4<â=5:;4<D""´"""E=BC<D"LMEBSDLMRSLZ[bcksŒŒŒŒŒŒŒŒŒŒŒŒŒŒŒŒ$     %$,




-%1,45-  %894<š›=5

-  @A<D"¢£""E=5

PADLª«ME=PQL²³M""EXYM""`ahpŒŒŒŒŒŒŒŒŒŒŒŒŒŒŒŒ$    %,



-        %45




/-2<=5:D""""Eâ=BLM"""""´EBMRZbŒŒŒŒŒŒŒŒŒŒŒŒŒŒŒŒ$       %$,

/

-  %$,45

-1,4<â=5894<D""´""E=@A<DLM""EPADLMPQLXYw`awwhwŒŒŒŒŒŒŒŒŒŒŒŒŒŒŒŒ$        %    ,


/

-2



45:;ˆ‰<â=BC‘D"""ê""EBS""""LMRSZ[bcwksŒŒŒŒŒŒŒŒŒŒŒŒŒŒŒŒ