______$g!g!gg!g!g#&;;;;;;;;;;%&<<<júû<<<<%&<<<iøù<<<<%&CCC<<<<CCC%,))-<<<<.))+4115<<<<6113=<<<<>`/'=<<<<>b'/'=H<jH>b'/'(PP*b'/f0XX2b'/eJJ·'/^R^R'/'/'/'µµ/'/'=;;>/'/'=<<>/'/'=CC>/'/'())*/'/f0112/'/'/'/'bcd'			
b'			b'b'b'b'_7_b'_7_$g?g"b' g?g#,)G)*a'()G)+41O12/f01O13²³´²³´º¼º¼º¼º¼º¼º¼ÃÃÃ/'ÂÃÄ&;;;>/'=;;;%&<<<>/'=<<<%&CCC>/'=CCC%,)))*/'()))+41112/f01113/'/'µµµ/'µµµ&;;;>/'=;;;%&<<<>/'=<<<%&CCC>/'=CCC%,)))*/'()))+41112/f01113²³´²³´º¼º¼º¼º¼º¼dº¼ÂÃÄ
b'ÂÃÄb'b'b'b'_7_b'_7_$g?g"b' g?g#,)G)*a'()G)+41O12/f01O13e/'µ/'/'µ&;>/'=>/'=;%&<>/'=>/'=<%&C>/'=>/'=C%,)*/'=>/'()+412/'=>/f013'=>/e/'=>/'/'=>/'/'=>/'/'=>/'/'=>/'/'=>/'/'=>/'/'=>/'/'=>/'/'=>/'/'=>/'|'=>|'
b'ª«
b'„…b'†…b'†‡Œb'Žb'Ž”•b'–•b'–—œb'žb'žŸ