	
	
	
	
!"#$!"#$!"#$!"#$)*+,)*+,)*+,)*+,3334333433343334333333333333333333333333333333333333333333333333????????????????????????????????????????????????G???????????????g6??????????????W>?????????????%	
	
	
	
!"#$!"#$!"#$!"#$)*+,)*+,)*+,)*+,3334333433343334333333333333333333333333333333333333333333333333???????56??????????????=>?????56?????%DEFG????=>??%G?&LMNg6???EF?%&NO_T9X:FG%7'ND&T\]TeA`BNO-efT	
	
	
	
!"#$!"#$!"#$!"#$)*+,)*+,)*+,)*+,3334333433343334333333333333333333333333333333333333333333333333??????????????????????????????56??????????????=>G?????????????EFg6??????????%7'NW>???????%G?&efTUg6?56????????%&^U>?=>???????2.TVFDEFG??????]TTNLMNg6?????&T\TTTefUV>????&_.TfTTT9X:FG?%&\]dTV^TTA`BNOL-.dVTTTTTTFDETTTTTTTTTTTTTULMTTTTTTTTTTTTTTTTTTTTTTTTTTTTTTTTTTTTTTTTTTTTTTTTTTTTTTTTTTTTTTTTTTTTTTTTTTTTTTTTTTTTTTTTTTTTTTTTTTTTTTTTTL_.TTTTFDETTT9XX9X:TTTTULMfTeA``A`BTT\]TTTV^TFD%FDETdTTTTTTTUL-ULM\VTTTTTTTTTTTTTTTTTTTTTTTTTTeTTTTTTTTTTTTTTTTTTTTTTTTTTTTTTTTTTTTTTTTTTTTTTTTTTTTTTTTTTTTTTTTTTTTTTTTTTTTTTTTTTTTTTTTTTTTTTTTTTTTTTTTTTTTTTTTTTTTTTTTTTTTTTTTTTTTTTTTTTTTTTTT:g6?????%&NO_TTTBU>????D&9XX:TTT&VFG?%&L_A``BTTTMTNOL-.TTFD%ETTTT9X:TTTTTUL-MTTTTA`BTTTTTTTTTTTeTFDETTTTTTTTTTTTTULMTTTTTTTTTTTTTTTTTTTTTTTTTTTTTTTTTTTTTTTTTTTTTTTTTTTTTTTTTTTTTTTTTTTTTTTTTTTTTTTTTTTTTTTTTTTTTTTTTTTTTTTTTTTTTTTTTTTTTTTTTTTT