------B>6B6
XYN
`a\]MBpqBdeUxym\]BBdem\]de	----5
55
55	\]&de	&>66<D------B-(5B(5
(pq(5=N
xy
(5FTVMBHQ5C%%TUP;
	A#9%G?%%:2A9%%%%%1	&A@    "mmJK	RS!$+>(*36B06
(8'--,B-45/
(	7(B>
B<=(O
pq<=N
)DFTVMBC%%TUA#9%G?%A9%%%A@  I(HQ5P;
	%:2%%1	&  ">6[WZBYc%bac%%Zh%%bBOxyFTVMBHQ
C%%TUP;A#9%G?%%:2A9%%%%%1	A@    "		&B>\6	d6	6	XY	`ahLi
	B	\]	Yde	a&m