$%$ %$ ,- ,
-%1,
45
45-  %894<=<=5

-%@A<DED"E=5- PAD"LM"LME=5
PQLM""E=XYME`aM"hpŒŒŒŒŒŒmnoŒŒŒŒŒŒŒIJK$               ,
”•–
”•–
”•–
”•4œžœžœžœ<¤¥¦¤¥¦¤¥¦¤¥D"¬­®"¬­®"¬­®"¬­LŒŒŒŒŒŒŒŒŒŒŒŒŒŒŒŒ                –
”•–
”•–
”•–
”•žœžœžœžœ¦¤¥¦¤¥¦¤¥¦¤¥®"¬­®"¬­®"¬­®"¬­ŒŒŒŒŒŒŒŒŒŒŒŒŒŒŒŒ                –
”•–
”•–
”•–
”•žœžœžœžœ¦¤¥¦¤¥¦¤¥¦¤¥®"¬­®"¬­®"¬­®"¬­ŒŒŒŒŒŒŒŒŒŒŒŒŒŒŒŒ$               ,
–
”•–
”•–
”•–
4žœžœžœž<¦¤¥¦¤¥¦¤¥¦D"®"¬­®"¬­®"¬­®"LŒŒŒŒŒŒŒŒŒŒŒŒŒŒŒŒ$     %$,




- %21,45
- 2: 94<=5
:;B
A<D"òóö"E=BCBADL×ÏM"EBSRQLM"RSZYZ[b"abcksŒŒŒŒŒŒŒŒŒŒŒŒŒŒŒŒ