>˜™š=>FE=F" ¡¢"EFNME&N*¨ª*M""NVUM".V2°±²2U**V^]U*6^:¸º:]22^?B]2e::fole:n&#$J.+,qYjQYZ634`abRabv	
	
		

>F""EF"""EFN**M"N***M%"NV22U*V222U-*V^::]2^:::]52^fe:fu:f{ !"%ƒ()*-0125qTYjYiYr8`laba`ab	Pg !%o	
()-




015u>=>=>F""E>F"EFN**MFN*M""NV22U&"NV2U**V^::].*V^:]22^fe62^fe::f<f> !%F#$()-&N+,015.V34u6^;v	=	E=ME=UME=>{]UMEF#$ƒe]UM"N+,	e]U*V34e]2^;	
	
{>ƒ=F#$ !E=&"N+,()ME=.*V3401UM"E=62^;9]U*M"E<qTe]2U*M`He:]2UPe:]qYZqTYruqLf=`J !EP()MqY[YASYr01U!%`a`aIkab9])-me15H	W	_	
	%-5	=`ab`Hab n(J0&#$P.+,m634H<qYjYiY\YiY`aba`aba`a
qL@Yr	

`JJabnm	
JHmn!"E)*M%12U-9:]5u= !"Er()*M%b012U-9:]5u	



