YYYYYYYYYYYYYYYYYYYYYYYYY(QYYYYYYXPQYYYYYYYXPQYYYYYYXPQYYYYYYXPQYYYYYXP+-.Y"YYYY2YY6YYYYYBYYY,,YYYYYJKYYYLYYYY:YYYTYYYY:YY\YYY"YYYYYYYYYYYYYYYYYYYYYYYYYYLLLLLLYYYY"YLLLLLYYYLLLLLLYYYYYLLLLLLLYYLLLLLLLYYYYYLLLLLLLLYYYLLLLLLLLYYYYLLLLLLLLLYYLLLLLLLLLYYYYLLLLLLLLLLYYYYYYYYYYYYYYYYYTYYYYYYYY\LLLLYYYYYY"YYYYYYYY>^_YYY"YY>Y^_YY"YY>>>YY>Y"YY>>>>>Y>>>Y>>>>>>>Y>>>>>>>>>>>>Y>>Y>>>>>>>>>>YY
Y>>>>>>>>>>>>>>>>>>>>YTT>>>>>>>>>>YY\\>>>>>>>>>>YY>>>>>>>>YYYYYYYYYYYYYYYYYYYYYYYYYYYLLLY^_YYYYY#%^_YYYYYYYYYYYY^_YYYYYYYYY^_YYYYYYY^_YYYTYYYYY^_YYY\Y(Q(QY^_YYTYXPQXPQY(_^_Y\YXPQXPQXQ^_YT(QXPQXPQXQYY\YXPQXPQXPQXQYYTYXPQXPQXPQXYY\YXPQXPQXPQYYT(QXPQXPQXPYYY\\XQXPQXPQX