$!!!!!!!!!!!!!,)))))))))))))41111111111111`emŒeeeeemŒ			
b'			
/b'/////√√///!!!!!#$!!!!!)))))+,)))))111113411111e'/'/'/'/'/'/'/'/'/!!!!!!!!!!!!!#)))))))))))))+11111111111113eeeeemŒeeeee'			
b'			'b''''''√√''///$!!!!!!#/&;;;;;;%/&<j˙˚<<%/&<i¯˘<<%/&<<<<<<%/&CH<jHC%/,)PP)+/41XX13/`JJ/aR^R'//'//'//'/'/'/'/'/'/'/'/'b'						''''77' ®©??®©!!#^'(∞±GG∞±))+f0∏πOO∏π113'''' !!!!!!!!!!#^'())))))))))+f011111111113ecdcd'		
/'			
b'/'b'/'b'/'b'/'b'/'b'/'b'ıˆ˜b'/'/b'bb'					b'b'b'b'b' !!!!!!!!!!a'())))))))))/f01111111111b«eeeeeeeeeee													¿¡¿¡'														!!!!!!!!!!!!!!!!))))))))))))))))1111111111111111eeeeeeeeeeeeeeee																∫ºb'¬√ƒb'b'b'b'b'b'!!!!!!!!!!"b'))))))))))*b'11111111112b'eeeeeeeeeee∑'													