┼▀┼▀┼▀	
┼▀
	


	
йКююХийКбХиКбююююббббюююХбююююююююююююббююююююююююююббююююююююююююбИююююююююююююЙяИбююбббююююбБ!EяИЙряИюююб&#)M"EF"EАбююб.+1U*M""N*M%бююб639]2U**V2U-бююб<e:]22^:]5бююб	


	
кКбХи	кКббюююХиКбюююююююХбюююююююююёЁ╩ИюююююююююёЁ╩яИбююююююЙ╚╚╚ !EяИююююЙр()M"EАбююбБF#$01U*M%бююб&N+,9]2U-бююб.V34e:]5бююб6^<uбююбv	йбююЙ	



	
кКббХи
	кКббююююбХхКбюююююююююХбююююююююююббююююююююююбИююююююююююбАбюююююююююб !%бюююююююююб()-бюююююююююб015бюююююююююЙИббююююююЙряИююбЙЙрF#$ !""E┼▀FN+,()**M"┌▀"""NV340122U*┼▀***V^;e::fuбююЙ	
йбюбБКбююб&#$	йбюююб.+,Кююююб634бююююб<бююююби	
йбюююююХи	
йКбюююююююХКбюююююююююбёЁ╩юююююююююююбёЁ╩Иююююююююююб╚╚╚яИбббюююююбЙ !EяИбббЙр()M"""EF"#01U***M"""""N*+КююбБ	йбююб&#$	йКюююб.+,Кююююб634бююююббююююб	йбююююби	кКююююююХиКбююююююююХбюююююююююбИюююююююююбяИббююююююЙ!EяИююббЙр)M""E┼▀F#$1U**M"┼▀"""N+,9]22U*┼▀***V34	



	

	кКббХхкКХхКбююююббббююбХбююююююююююююббююююююююююююбИююююююююююююбАбюююююююююююб!%бюююююююююююб)-бюююююююююююб15бюююююююююююЙИбббюююююююЙряИбююббЙрF# !"""E┼⌠FN+()***M""┌▀"""NV301222U**┼▀***V^;