îïb'ñóúùb'ûüb'$!!!"b' !!!#,)))*a'()))+41112/f01113e/'/'/'/'/'/t'µµµ@AABµµµ&;;;;;;;;;;%&<<<<<<<<<<%&<<<<<<<<<<%&<<<<<<<<<<%,))))))))))+4111899:1113e/'/'/'/'/'/'/'b~'				@B				7êë7êë7êë7$?òô?òô?òô?#,GíìGíìGíìG+4OöõO¢£OöõO3e/'/'µµµ/'µµµ&;;;>/'=;;;%&<<<>/'=<<<%&<<<>/'=<<<%&<<<>/'=<<<%&<<<>/'=<<<%&<<<>/'=<<<%&<<<>/'=<<<%,)))*/'()))+41112/f01113e/'µµ/'/'=;;>/'/'=<<>/'/'=<<>/'/'=CC>/'/'())*/'/f0112/'/'bcd'			
b'			b'b'b'b'7b'7$!?!"b' !?!#,)G)*a'()G)+41O12/f01O13e/'/'/IZZI'/'JYYJb'/'=RR>b'/'=<<<<>b'/'=<˙˚<>b'/'=<¯˘<>b'/'=<<<<>b'/'=H<jH>b'/'(PP*b'/f0XX2b'/eJJ∑'/^RR'/'/'µµµµb'/'=JJJJ>b'/'=<<<<>b'/'=<<<<>b'/'=<<<<>b'/'=<<<<>b'b'=<<<<>b'		E\<l]F		&<l%&<l%&<l%&<l%7N<lM7$!?!V<iU!?!#&;;;;<<;;;u%&<<<<<<<<<l%&<<<<<<<<<l%&<<<<<<<<<l%&<<<<<<<<<l%,))))))))))+411111111113e/'/'/'/'µµ/'µµ&;;>/'=;;%&<<>/'=<<%&<<>/'=<<%,))*/'())+4112/f0113e/'/'/'bcd'			
b'			ÑÖb'Üáåçb'éèîïb'ñóúùb'ûü