
$
$
$
$
01$
נס8$%									…†Aײ׳,-ײ׳ײ׳ײ׳ײ׳ײII׳ÞßÞßÞßÞßÞßÞßiiiiזחזחזחזחזiiiiiiiמןמןמןמןמQQQQQQQצקצקצקצקצקצקצקצקקצקצקצקצקצקצקצקצûûûûûûûûûûûûûûרק‏‏'''2':עף'…†		¸»		…†	&'IIײ׳ײ׳׳ײ׳ײ׳./ײ׳iiiiÞßßÞßÞßÞßÞßiiiiiiחזחזחזחזחQQQQQQןמןמןמןמןצקצקצקקצקצקצקצקקצקצקצצקצקצקצקצצתûûûûûûûûûûûûû‏‏$
$
$
$%												ױױױױױױױױױױױױױױױױÝÝÝÝÝÝÝÝÝÝÝÝÝÝÝÝווווווווווווווווםםםםםםםםםםםםםםםםץץץץץץץץץץץץץץץץץץץץץץץץץץץץץץץץûûûûûûûûûûûûûûûû'''												&'ױױױױױױױױױױױױױױױױÝÝÝÝÝÝÝÝÝÝÝÝÝÝÝÝווווווווווווווווםםםםםםםםםםםםםםםםץץץץץץץץץץץץץץץץץץץץץץץץץץץץץץץץûûûûûûûûûûûûûûûû