>òôöF"""">F""""†°¢""N****FN****®™**V2222NV2222∞±≤22^::::V^::::∏∫::f^f¶•≈∆¶•≈F"""EF""""EN***M"""N****M""V222U***V2222U**^œœ:]222^::::]22fe:::fe::""EFN***ME=**M"""""NV222UME22U*****V^:::]UM::]22222^fe]Ue:::::fe]∆∆¶•Ω¶äã•Ω¶F""""EF""Çã"EFN****M"N**äã*M"NV2222U*V22äã2U*V^::::]2^::äì:]2^fe:feœf∆¶∆¶•≈∂F""E•≈&N**M""E.V22U**M""6^::]22U**ve::]22ùe::&#$ƒ.+,∆634∂<&#$	


.+,«634<≈•≈ !E•≈∆¶•≈∆¶F"∆¶F"E•≈∆¶F"N*FN*M"""EFN*V2"NV2U***M""NV2^:*V^:]222U**V^:f2^fe:::]22^f:f{e:œfÉ	
	

	




û«	û«ƒúü«	ü«	Æ¶µ !%∆¶äãF"%()-ù()ME•ƒ01UME∆9]UM∂e]U&"#$&#$e].*+,.+,{e6234634É<;<	
ù	üõúƒúü«	






≈∆¶F"ÇìN*-015FN*äãV25≈u""NV2äì^8µ**V^:äãf !"%22^f()*-::f0125	98	
	

û	üõ¥∑« !%ü«ºø()-ù©©û015u	
		
	


