%$$$$$$$$$$$$$$"-,,,,,,,,,,,,,,*5444444444444442@++++++++++++A##[หย]\\Z[หย#[พยeddb[พย#ยยmlljยย#ยยuttrยย#[หยV}zQ[หย#[พยLMJK[พย###[หยยยยย[หย#[พยยÝ฿ย[พยรรรรรรรรร‘รร%$$RR$$"รร-,,,,*รร544442รร=;<:รรรรรรรรรรรรรรรรรรรรร#ยยยๅ็ยยย#ยยยๅ็ยยย#[หยยํ๏ย[หย#[พยยยยย[พย###[หย]\\Z[หย#[พยeddb[พย#ยยmlljยย#ยยuttrยย#[หยV}zQ[หย#[พยLMJK[พย#3ซซซซซซซซซซซ	
#รรรรรรรรรรรรรรรรรรรรรรรรรรรรร?DD8รรรรรรรรร